[05:17:18] جاري فتح المتصفح...
[05:17:24] يرجى فتح واتساب على الهاتف ومسح QR لتسجيل الدخول...
[05:19:01] تم تحميل 1 جهة اتصال من الملف.
[05:19:02] [ERR-21] لم يتم تسجيل الدخول بعد.
[05:19:05] المتصفح مفتوح بالفعل.
[05:19:05] تم تحميل 1 جهة اتصال من الملف.
[05:19:06] [ERR-21] لم يتم تسجيل الدخول بعد.
[05:19:08] المتصفح مفتوح بالفعل.
[05:19:33] جاري فتح المتصفح...
[05:19:37] يرجى فتح واتساب على الهاتف ومسح QR لتسجيل الدخول...
[05:21:38] [ERR-02] المتصفح لا يستجيب للأتمتة أو انتهت مهلة تسجيل الدخول.
[05:26:03] المتصفح مفتوح بالفعل.
[17:28:18] تم تحميل 227 جهة اتصال من الملف.
[17:28:18] جاري فتح المتصفح...
[17:28:18] [ERR-01] تعذر تشغيل المتصفح. اغلق كل نوافذ Chrome ثم أعد المحاولة. | No module named 'selenium.webdriver.chrome.options'
[17:28:21] جاري فتح المتصفح...
[17:28:21] [ERR-01] تعذر تشغيل المتصفح. اغلق كل نوافذ Chrome ثم أعد المحاولة. | No module named 'selenium.webdriver.chrome.options'
[17:28:31] تم تحميل 227 جهة اتصال من الملف.
[17:28:31] جاري فتح المتصفح...
[17:28:31] [ERR-01] تعذر تشغيل المتصفح. اغلق كل نوافذ Chrome ثم أعد المحاولة. | No module named 'selenium.webdriver.chrome.options'
[17:28:33] جاري فتح المتصفح...
[17:28:33] [ERR-01] تعذر تشغيل المتصفح. اغلق كل نوافذ Chrome ثم أعد المحاولة. | No module named 'selenium.webdriver.chrome.options'
[17:48:25] جاري فتح المتصفح...
[17:48:25] [ERR-01] تعذر تشغيل المتصفح. اغلق كل نوافذ Chrome ثم أعد المحاولة. | No module named 'selenium.webdriver.chrome.options'
